{
  "name": "magistral",
  "description": "Magistral is a small, efficient reasoning model with 24B parameters.",
  "downloads": "0",
  "lastUpdated": "TIMESTAMP_PLACEHOLDER",
  "readmeHtml": "<p><img src=\"/assets/library/mistral-small3.1/88f81c26-7028-4f08-b906-92b873d5536e\" width=\"120\"></p>\n\n<p>Magistral is the first reasoning model by Mistral AI, excelling in domain-specific, transparent, and multilingual reasoning.</p>\n\n<p><img src=\"/assets/library/magistral/c57cd779-0588-4d74-9f48-89ba50f7a565\" alt=\"magistral small comparison to medium\"></p>\n\n<p><img src=\"/assets/library/magistral/fe972176-2881-42bc-bbd8-90a079188aa9\" alt=\"magistral small\"></p>\n\n<h3>Key features</h3>\n\n<ul>\n<li><strong>Reasoning:</strong>&nbsp;Capable of long chains of reasoning traces before providing an answer.</li>\n<li><strong>Multilingual:</strong>&nbsp;Supports dozens of languages, including English, French, German, Greek, Hindi, Indonesian, Italian, Japanese, Korean, Malay, Nepali, Polish, Portuguese, Romanian, Russian, Serbian, Spanish, Swedish, Turkish, Ukrainian, Vietnamese, Arabic, Bengali, Chinese, and Farsi.</li>\n<li><strong>Apache 2.0 License:</strong>&nbsp;Open license allowing usage and modification for both commercial and non-commercial purposes.</li>\n<li><strong>Context Window:</strong>&nbsp;A 128k context window,&nbsp;<strong>but</strong>&nbsp;performance might degrade past&nbsp;<strong>40k</strong>. Hence we recommend setting the maximum model length to 40k.</li>\n</ul>\n\n<p>Magistral is ideal for general purpose use requiring longer thought processing and better accuracy than with non-reasoning LLMs. From legal research and financial forecasting to software development and creative storytelling — this model solves multi-step challenges where transparency and precision are critical.</p>\n\n<h4>Business strategy and operations.</h4>\n\n<p>Building on our flagship&nbsp;<a href=\"https://mistral.ai/models\" rel=\"nofollow\">models</a>, Magistral is designed for research, strategic planning, operational optimization, and data-driven decision making — whether executing risk assessment and modelling with multiple factors, or calculating optimal delivery windows under constraints.</p>\n\n<h4>Regulated industries and sectors.</h4>\n\n<p>Legal, finance, healthcare, and government professionals get traceable reasoning that meets compliance requirements. Every conclusion can be traced back through its logical steps, providing auditability for high-stakes environments with domain-specialized AI.</p>\n\n<h4>Systems, software, and data engineering.</h4>\n\n<p>Magistral enhances coding and development use cases: compared to non-reasoning models, it significantly improves project planning, backend architecture, frontend design, and data engineering through sequenced, multi-step actions involving external tools or API.</p>\n\n<h4>Content and communication.</h4>\n\n<p>Our early tests indicated that Magistral is an excellent creative companion. We highly recommend it for creative writing and storytelling, with the model capable of producing coherent or — if needed — delightfully eccentric copy.</p>\n\n<h3>Reference</h3>\n\n<ul>\n<li><a href=\"https://mistral.ai/static/research/magistral.pdf\" rel=\"nofollow\">Magistral paper</a></li>\n<li><a href=\"https://mistral.ai/news/magistral\" rel=\"nofollow\">Blog post</a></li>\n</ul>",
  "readmeMarkdown": "![](https://ollama.com/assets/library/mistral-small3.1/88f81c26-7028-4f08-b906-92b873d5536e)\n\nMagistral is the first reasoning model by Mistral AI, excelling in domain-specific, transparent, and multilingual reasoning.\n\n![magistral small comparison to medium](https://ollama.com/assets/library/magistral/c57cd779-0588-4d74-9f48-89ba50f7a565)\n\n![magistral small](https://ollama.com/assets/library/magistral/fe972176-2881-42bc-bbd8-90a079188aa9)\n\n### Key features\n\n-   **Reasoning:** Capable of long chains of reasoning traces before providing an answer.\n-   **Multilingual:** Supports dozens of languages, including English, French, German, Greek, Hindi, Indonesian, Italian, Japanese, Korean, Malay, Nepali, Polish, Portuguese, Romanian, Russian, Serbian, Spanish, Swedish, Turkish, Ukrainian, Vietnamese, Arabic, Bengali, Chinese, and Farsi.\n-   **Apache 2.0 License:** Open license allowing usage and modification for both commercial and non-commercial purposes.\n-   **Context Window:** A 128k context window, **but** performance might degrade past **40k**. Hence we recommend setting the maximum model length to 40k.\n\nMagistral is ideal for general purpose use requiring longer thought processing and better accuracy than with non-reasoning LLMs. From legal research and financial forecasting to software development and creative storytelling — this model solves multi-step challenges where transparency and precision are critical.\n\n#### Business strategy and operations.\n\nBuilding on our flagship [models](https://mistral.ai/models), Magistral is designed for research, strategic planning, operational optimization, and data-driven decision making — whether executing risk assessment and modelling with multiple factors, or calculating optimal delivery windows under constraints.\n\n#### Regulated industries and sectors.\n\nLegal, finance, healthcare, and government professionals get traceable reasoning that meets compliance requirements. Every conclusion can be traced back through its logical steps, providing auditability for high-stakes environments with domain-specialized AI.\n\n#### Systems, software, and data engineering.\n\nMagistral enhances coding and development use cases: compared to non-reasoning models, it significantly improves project planning, backend architecture, frontend design, and data engineering through sequenced, multi-step actions involving external tools or API.\n\n#### Content and communication.\n\nOur early tests indicated that Magistral is an excellent creative companion. We highly recommend it for creative writing and storytelling, with the model capable of producing coherent or — if needed — delightfully eccentric copy.\n\n### Reference\n\n-   [Magistral paper](https://mistral.ai/static/research/magistral.pdf)\n-   [Blog post](https://mistral.ai/news/magistral)",
  "models": [
    {
      "name": "latest",
      "size": "14GB",
      "contextWindow": "39K",
      "inputType": "Text",
      "lastUpdated": ""
    },
    {
      "name": "24b",
      "size": "14GB",
      "contextWindow": "39K",
      "inputType": "Text",
      "lastUpdated": ""
    }
  ]
}
