[
  {
    "name": "latest",
    "size": "4.1GB",
    "digest": "5ab8dc2115d3",
    "modifiedAt": "TIMESTAMP_PLACEHOLDER",
    "inputType": "Text"
  },
  {
    "name": "7b",
    "size": "4.1GB",
    "digest": "5ab8dc2115d3",
    "modifiedAt": "TIMESTAMP_PLACEHOLDER",
    "inputType": "Text",
    "aliases": ["latest"]
  },
  {
    "name": "13b",
    "size": "7.4GB",
    "digest": "8b44f21282d8",
    "modifiedAt": "TIMESTAMP_PLACEHOLDER",
    "inputType": "Text"
  },
  {
    "name": "70b",
    "size": "39GB",
    "digest": "78a12f5c753b",
    "modifiedAt": "TIMESTAMP_PLACEHOLDER",
    "inputType": "Text"
  },
  {
    "name": "7b-v1.1-q2_K",
    "size": "3.1GB",
    "digest": "fb23b7ecbb41",
    "modifiedAt": "TIMESTAMP_PLACEHOLDER",
    "inputType": "Text"
  },
  {
    "name": "7b-v1.1-q3_K_S",
    "size": "3.2GB",
    "digest": "3d60487e5ff9",
    "modifiedAt": "TIMESTAMP_PLACEHOLDER",
    "inputType": "Text"
  },
  {
    "name": "7b-v1.1-q3_K_M",
    "size": "3.5GB",
    "digest": "445d38e580c1",
    "modifiedAt": "TIMESTAMP_PLACEHOLDER",
    "inputType": "Text"
  },
  {
    "name": "7b-v1.1-q3_K_L",
    "size": "3.8GB",
    "digest": "5d4901c2b6ee",
    "modifiedAt": "TIMESTAMP_PLACEHOLDER",
    "inputType": "Text"
  },
  {
    "name": "7b-v1.1-q4_0",
    "size": "4.1GB",
    "digest": "5ab8dc2115d3",
    "modifiedAt": "TIMESTAMP_PLACEHOLDER",
    "inputType": "Text"
  },
  {
    "name": "7b-v1.1-q4_1",
    "size": "4.6GB",
    "digest": "84da7cfcaadf",
    "modifiedAt": "TIMESTAMP_PLACEHOLDER",
    "inputType": "Text"
  },
  {
    "name": "7b-v1.1-q4_K_S",
    "size": "4.1GB",
    "digest": "7fbb91d511ed",
    "modifiedAt": "TIMESTAMP_PLACEHOLDER",
    "inputType": "Text"
  },
  {
    "name": "7b-v1.1-q4_K_M",
    "size": "4.4GB",
    "digest": "b3f80305c1ee",
    "modifiedAt": "TIMESTAMP_PLACEHOLDER",
    "inputType": "Text"
  },
  {
    "name": "7b-v1.1-q5_0",
    "size": "5.0GB",
    "digest": "68ee7e9ae5c8",
    "modifiedAt": "TIMESTAMP_PLACEHOLDER",
    "inputType": "Text"
  },
  {
    "name": "7b-v1.1-q5_1",
    "size": "5.4GB",
    "digest": "a71b25492bae",
    "modifiedAt": "TIMESTAMP_PLACEHOLDER",
    "inputType": "Text"
  },
  {
    "name": "7b-v1.1-q5_K_S",
    "size": "5.0GB",
    "digest": "842e330e5a43",
    "modifiedAt": "TIMESTAMP_PLACEHOLDER",
    "inputType": "Text"
  },
  {
    "name": "7b-v1.1-q5_K_M",
    "size": "5.1GB",
    "digest": "7ef289161203",
    "modifiedAt": "TIMESTAMP_PLACEHOLDER",
    "inputType": "Text"
  },
  {
    "name": "7b-v1.1-q6_K",
    "size": "5.9GB",
    "digest": "1605a5f0a78d",
    "modifiedAt": "TIMESTAMP_PLACEHOLDER",
    "inputType": "Text"
  },
  {
    "name": "7b-v1.1-q8_0",
    "size": "7.7GB",
    "digest": "c0a82cf6340f",
    "modifiedAt": "TIMESTAMP_PLACEHOLDER",
    "inputType": "Text"
  },
  {
    "name": "7b-v1.1-fp16",
    "size": "14GB",
    "digest": "9ba9081b8e33",
    "modifiedAt": "TIMESTAMP_PLACEHOLDER",
    "inputType": "Text"
  },
  {
    "name": "7b-q2_K",
    "size": "2.8GB",
    "digest": "92eee4b30af3",
    "modifiedAt": "TIMESTAMP_PLACEHOLDER",
    "inputType": "Text"
  },
  {
    "name": "7b-q3_K_S",
    "size": "2.9GB",
    "digest": "5991089fe14e",
    "modifiedAt": "TIMESTAMP_PLACEHOLDER",
    "inputType": "Text"
  },
  {
    "name": "7b-q3_K_M",
    "size": "3.3GB",
    "digest": "8d69fd3716a2",
    "modifiedAt": "TIMESTAMP_PLACEHOLDER",
    "inputType": "Text"
  },
  {
    "name": "7b-q3_K_L",
    "size": "3.6GB",
    "digest": "ea1e890b2834",
    "modifiedAt": "TIMESTAMP_PLACEHOLDER",
    "inputType": "Text"
  },
  {
    "name": "7b-q4_0",
    "size": "3.8GB",
    "digest": "9c8843a9e4f1",
    "modifiedAt": "TIMESTAMP_PLACEHOLDER",
    "inputType": "Text"
  },
  {
    "name": "7b-q4_1",
    "size": "4.2GB",
    "digest": "9591190dde98",
    "modifiedAt": "TIMESTAMP_PLACEHOLDER",
    "inputType": "Text"
  },
  {
    "name": "7b-q4_K_S",
    "size": "3.9GB",
    "digest": "7b76b8b02e14",
    "modifiedAt": "TIMESTAMP_PLACEHOLDER",
    "inputType": "Text"
  },
  {
    "name": "7b-q4_K_M",
    "size": "4.1GB",
    "digest": "1cdc42c6d82d",
    "modifiedAt": "TIMESTAMP_PLACEHOLDER",
    "inputType": "Text"
  },
  {
    "name": "7b-q5_0",
    "size": "4.7GB",
    "digest": "ade46d0b5ba5",
    "modifiedAt": "TIMESTAMP_PLACEHOLDER",
    "inputType": "Text"
  },
  {
    "name": "7b-q5_1",
    "size": "5.1GB",
    "digest": "b0f832f014a3",
    "modifiedAt": "TIMESTAMP_PLACEHOLDER",
    "inputType": "Text"
  },
  {
    "name": "7b-q5_K_S",
    "size": "4.7GB",
    "digest": "7c60c147e556",
    "modifiedAt": "TIMESTAMP_PLACEHOLDER",
    "inputType": "Text"
  },
  {
    "name": "7b-q5_K_M",
    "size": "4.8GB",
    "digest": "c127eced82ac",
    "modifiedAt": "TIMESTAMP_PLACEHOLDER",
    "inputType": "Text"
  },
  {
    "name": "7b-q6_K",
    "size": "5.5GB",
    "digest": "da2e01e1db76",
    "modifiedAt": "TIMESTAMP_PLACEHOLDER",
    "inputType": "Text"
  },
  {
    "name": "7b-q8_0",
    "size": "7.2GB",
    "digest": "0ffedbf1deac",
    "modifiedAt": "TIMESTAMP_PLACEHOLDER",
    "inputType": "Text"
  },
  {
    "name": "7b-fp16",
    "size": "13GB",
    "digest": "2da027b7832e",
    "modifiedAt": "TIMESTAMP_PLACEHOLDER",
    "inputType": "Text"
  },
  {
    "name": "13b-q2_K",
    "size": "5.4GB",
    "digest": "04f99080dc55",
    "modifiedAt": "TIMESTAMP_PLACEHOLDER",
    "inputType": "Text"
  },
  {
    "name": "13b-q3_K_S",
    "size": "5.7GB",
    "digest": "09e1fc038a1e",
    "modifiedAt": "TIMESTAMP_PLACEHOLDER",
    "inputType": "Text"
  },
  {
    "name": "13b-q3_K_M",
    "size": "6.3GB",
    "digest": "f20c07ecdbbb",
    "modifiedAt": "TIMESTAMP_PLACEHOLDER",
    "inputType": "Text"
  },
  {
    "name": "13b-q3_K_L",
    "size": "6.9GB",
    "digest": "ed332a080a46",
    "modifiedAt": "TIMESTAMP_PLACEHOLDER",
    "inputType": "Text"
  },
  {
    "name": "13b-q4_0",
    "size": "7.4GB",
    "digest": "8b44f21282d8",
    "modifiedAt": "TIMESTAMP_PLACEHOLDER",
    "inputType": "Text"
  },
  {
    "name": "13b-q4_1",
    "size": "8.2GB",
    "digest": "7d82decc19c9",
    "modifiedAt": "TIMESTAMP_PLACEHOLDER",
    "inputType": "Text"
  },
  {
    "name": "13b-q4_K_S",
    "size": "7.4GB",
    "digest": "5b0ad85a5ff2",
    "modifiedAt": "TIMESTAMP_PLACEHOLDER",
    "inputType": "Text"
  },
  {
    "name": "13b-q4_K_M",
    "size": "7.9GB",
    "digest": "8972bd69fd2b",
    "modifiedAt": "TIMESTAMP_PLACEHOLDER",
    "inputType": "Text"
  },
  {
    "name": "13b-q5_0",
    "size": "9.0GB",
    "digest": "712881c3a1f5",
    "modifiedAt": "TIMESTAMP_PLACEHOLDER",
    "inputType": "Text"
  },
  {
    "name": "13b-q5_1",
    "size": "9.8GB",
    "digest": "4dc396c294c2",
    "modifiedAt": "TIMESTAMP_PLACEHOLDER",
    "inputType": "Text"
  },
  {
    "name": "13b-q5_K_S",
    "size": "9.0GB",
    "digest": "81854a1cfc87",
    "modifiedAt": "TIMESTAMP_PLACEHOLDER",
    "inputType": "Text"
  },
  {
    "name": "13b-q5_K_M",
    "size": "9.2GB",
    "digest": "ee22916d7475",
    "modifiedAt": "TIMESTAMP_PLACEHOLDER",
    "inputType": "Text"
  },
  {
    "name": "13b-q6_K",
    "size": "11GB",
    "digest": "3b2fe53d6622",
    "modifiedAt": "TIMESTAMP_PLACEHOLDER",
    "inputType": "Text"
  },
  {
    "name": "13b-q8_0",
    "size": "14GB",
    "digest": "fb4caa91e51b",
    "modifiedAt": "TIMESTAMP_PLACEHOLDER",
    "inputType": "Text"
  },
  {
    "name": "13b-fp16",
    "size": "26GB",
    "digest": "3bd5c9fb640d",
    "modifiedAt": "TIMESTAMP_PLACEHOLDER",
    "inputType": "Text"
  },
  {
    "name": "70b-q2_K",
    "size": "29GB",
    "digest": "49b0aa622ef3",
    "modifiedAt": "TIMESTAMP_PLACEHOLDER",
    "inputType": "Text"
  },
  {
    "name": "70b-q3_K_S",
    "size": "30GB",
    "digest": "f177b78b166c",
    "modifiedAt": "TIMESTAMP_PLACEHOLDER",
    "inputType": "Text"
  },
  {
    "name": "70b-q3_K_M",
    "size": "33GB",
    "digest": "213ebb30790d",
    "modifiedAt": "TIMESTAMP_PLACEHOLDER",
    "inputType": "Text"
  },
  {
    "name": "70b-q3_K_L",
    "size": "36GB",
    "digest": "abaeff08031f",
    "modifiedAt": "TIMESTAMP_PLACEHOLDER",
    "inputType": "Text"
  },
  {
    "name": "70b-q4_0",
    "size": "39GB",
    "digest": "78a12f5c753b",
    "modifiedAt": "TIMESTAMP_PLACEHOLDER",
    "inputType": "Text"
  },
  {
    "name": "70b-q4_1",
    "size": "43GB",
    "digest": "5dfbed4fdb94",
    "modifiedAt": "TIMESTAMP_PLACEHOLDER",
    "inputType": "Text"
  },
  {
    "name": "70b-q4_K_S",
    "size": "39GB",
    "digest": "ffac3e511948",
    "modifiedAt": "TIMESTAMP_PLACEHOLDER",
    "inputType": "Text"
  },
  {
    "name": "70b-q4_K_M",
    "size": "41GB",
    "digest": "7e51cd7185f9",
    "modifiedAt": "TIMESTAMP_PLACEHOLDER",
    "inputType": "Text"
  },
  {
    "name": "70b-q5_0",
    "size": "47GB",
    "digest": "36de56ad0a3e",
    "modifiedAt": "TIMESTAMP_PLACEHOLDER",
    "inputType": "Text"
  },
  {
    "name": "70b-q5_1",
    "size": "52GB",
    "digest": "ac0dd67be9f3",
    "modifiedAt": "TIMESTAMP_PLACEHOLDER",
    "inputType": "Text"
  },
  {
    "name": "70b-q5_K_S",
    "size": "47GB",
    "digest": "3457b4038c5a",
    "modifiedAt": "TIMESTAMP_PLACEHOLDER",
    "inputType": "Text"
  },
  {
    "name": "70b-q5_K_M",
    "size": "49GB",
    "digest": "09fccca8b7ac",
    "modifiedAt": "TIMESTAMP_PLACEHOLDER",
    "inputType": "Text"
  },
  {
    "name": "70b-q6_K",
    "size": "57GB",
    "digest": "7926bf824556",
    "modifiedAt": "TIMESTAMP_PLACEHOLDER",
    "inputType": "Text"
  },
  {
    "name": "70b-q8_0",
    "size": "73GB",
    "digest": "5827126cc766",
    "modifiedAt": "TIMESTAMP_PLACEHOLDER",
    "inputType": "Text"
  },
  {
    "name": "70b-fp16",
    "size": "138GB",
    "digest": "fbc61420209c",
    "modifiedAt": "TIMESTAMP_PLACEHOLDER",
    "inputType": "Text"
  }
]
