{
  "name": "wizard-math",
  "description": "Model focused on math and logic problems",
  "downloads": "0",
  "lastUpdated": "TIMESTAMP_PLACEHOLDER",
  "readmeHtml": "<p><img src=\"https://user-images.githubusercontent.com/633681/263121166-8b16834a-1da2-4a68-8aac-13d19775e7d7.png\"></p>\n\n<blockquote>\n<p>Now updated to WizardMath 7B v1.1: <code>ollama pull wizard-math</code>. This new version is trained from Mistral-7B and achieves even higher benchmark scores than previous versions.</p>\n</blockquote>\n\n<p>WizardMath was released by WizardLM. It is trained on the GSM8k dataset, and targeted at math questions. It is available in 7B, 13B, and 70B parameter sizes.</p>\n\n<h2>Example prompt</h2>\n\n<pre><code>How many 4-digit numbers have the last digit equal to the sum of the first two digits?\n</code></pre>\n\n<p><strong>References</strong></p>\n\n<p><a href=\"https://huggingface.co/WizardLM/WizardMath-7B-V1.0\" rel=\"nofollow\">HuggingFace</a></p>",
  "readmeMarkdown": "![](https://user-images.githubusercontent.com/633681/263121166-8b16834a-1da2-4a68-8aac-13d19775e7d7.png)\n\n> Now updated to WizardMath 7B v1.1: `ollama pull wizard-math`. This new version is trained from Mistral-7B and achieves even higher benchmark scores than previous versions.\n\nWizardMath was released by WizardLM. It is trained on the GSM8k dataset, and targeted at math questions. It is available in 7B, 13B, and 70B parameter sizes.\n\n## Example prompt\n\n```\nHow many 4-digit numbers have the last digit equal to the sum of the first two digits?\n```\n\n**References**\n\n[HuggingFace](https://huggingface.co/WizardLM/WizardMath-7B-V1.0)",
  "models": [
    {
      "name": "latest",
      "size": "4.1GB",
      "contextWindow": "32K",
      "inputType": "Text",
      "lastUpdated": ""
    },
    {
      "name": "7b",
      "size": "4.1GB",
      "contextWindow": "32K",
      "inputType": "Text",
      "lastUpdated": ""
    },
    {
      "name": "13b",
      "size": "4.1GB",
      "contextWindow": "32K",
      "inputType": "Text",
      "lastUpdated": ""
    },
    {
      "name": "70b",
      "size": "4.1GB",
      "contextWindow": "32K",
      "inputType": "Text",
      "lastUpdated": ""
    }
  ]
}